// Jest Snapshot v1, https://goo.gl/fbAQLP

exports[`Home should render the component 1`] = `
<section
  class="hero is-fullheight"
>
  <div
    class="hero-body"
  >
    <div
      class="container"
    >
      <div
        class="columns"
      >
        <div
          class="column is-half is-offset-one-quarter"
        >
          <!---->
           
          <div
            class="card"
          >
            <searchtask-stub />
             
            <tasklist-stub />
             
            <taskfooter-stub />
          </div>
        </div>
      </div>
    </div>
  </div>
</section>
`;
